#1 [internal] load local bake definitions
#1 reading from stdin 974B done
#1 DONE 0.0s

#2 [internal] load build definition from dockerfile
#2 transferring dockerfile: 4.41kB 0.0s done
#2 DONE 0.0s

#3 [internal] load metadata for docker.io/library/composer:2
#3 DONE 0.1s

#4 [internal] load metadata for docker.io/library/php:8.2-apache
#4 ...

#5 [auth] library/php:pull token for registry-1.docker.io
#5 DONE 0.0s

#4 [internal] load metadata for docker.io/library/php:8.2-apache
#4 DONE 5.7s

#6 [internal] load .dockerignore
#6 transferring context: 2B done
#6 DONE 0.0s

#7 [internal] load build context
#7 DONE 0.0s

#8 [stage-0  1/21] FROM docker.io/library/php:8.2-apache@sha256:db8c1de3582265741f70ace2278f5c947c60c3ceee9d32cd20f9c0f33f8cce45
#8 resolve docker.io/library/php:8.2-apache@sha256:db8c1de3582265741f70ace2278f5c947c60c3ceee9d32cd20f9c0f33f8cce45 0.1s done
#8 CACHED

#9 FROM docker.io/library/composer:2@sha256:aaeab4b6b031e0a88efb907f0f26b563532a644fc2f4ea0d000ecf8658f7a2b8
#9 resolve docker.io/library/composer:2@sha256:aaeab4b6b031e0a88efb907f0f26b563532a644fc2f4ea0d000ecf8658f7a2b8 0.1s done
#9 DONE 0.1s

#7 [internal] load build context
#7 ...

#8 [stage-0  1/21] FROM docker.io/library/php:8.2-apache@sha256:db8c1de3582265741f70ace2278f5c947c60c3ceee9d32cd20f9c0f33f8cce45
#8 extracting sha256:f2ef19b17e93c61f918c29af27cb52475c60fb50b21748b60ddc3b11c47df7a2 0.8s done
#8 extracting sha256:2688fbc92224c810910cd5268ee690e605afd0c12e6385d85a9546b9a0b300a5 0.1s done
#8 extracting sha256:98568aa8c67088bb05182084e7a036bf951060dbe7833d747073667edd1a5c41 0.1s done
#8 DONE 1.1s

#7 [internal] load build context
#7 transferring context: 647.21kB 1.0s done
#7 DONE 1.1s

#9 FROM docker.io/library/composer:2@sha256:aaeab4b6b031e0a88efb907f0f26b563532a644fc2f4ea0d000ecf8658f7a2b8
#9 CACHED

#8 [stage-0  1/21] FROM docker.io/library/php:8.2-apache@sha256:db8c1de3582265741f70ace2278f5c947c60c3ceee9d32cd20f9c0f33f8cce45
#8 extracting sha256:57bd85d7ddf5c67c654cb6249214d8733c67db56de0fff951114ce62210ed8d2 0.3s done
#8 DONE 1.3s

#8 [stage-0  1/21] FROM docker.io/library/php:8.2-apache@sha256:db8c1de3582265741f70ace2278f5c947c60c3ceee9d32cd20f9c0f33f8cce45
#8 extracting sha256:e6a7fd03ab93344c579f1881fcefe1003da7d34e9e707b6bcdaba743c79cb1e4 0.0s done
#8 extracting sha256:f6f613a945cbace441235d94538a73e83dfbaf802d1c5961e0d5b51f40f9c9b0
#8 extracting sha256:f6f613a945cbace441235d94538a73e83dfbaf802d1c5961e0d5b51f40f9c9b0 0.5s done
#8 DONE 1.8s

#8 [stage-0  1/21] FROM docker.io/library/php:8.2-apache@sha256:db8c1de3582265741f70ace2278f5c947c60c3ceee9d32cd20f9c0f33f8cce45
#8 extracting sha256:747d3275d865199113645704dfa50a899b58a3564b4cb65fce194b9deca563dd 0.0s done
#8 extracting sha256:a43daaacb5470e31cc3bf96a9cd678c96fadd111eb604c96ea9f17266d2ad4b0 0.0s done
#8 extracting sha256:59ad7b58566ea5ec32eec4c3783f3120b3cea1daafdba2cc88101882e5766bc3 0.0s done
#8 DONE 1.9s

#8 [stage-0  1/21] FROM docker.io/library/php:8.2-apache@sha256:db8c1de3582265741f70ace2278f5c947c60c3ceee9d32cd20f9c0f33f8cce45
#8 extracting sha256:9837639488f39da4dd0a86194282e88c846934fad9c50e5336710de40caa9e54 0.0s done
#8 extracting sha256:4f4fb700ef54461cfa02571ae0db9a0dc1e0cdb5577484a6d75e68dc38e8acc1 0.0s done
#8 DONE 2.0s

#10 [stage-0  2/21] RUN apt-get update && apt-get install -y     libpng-dev     libonig-dev     libzip-dev     zip     unzip     git     postfix     libsasl2-modules     opendkim     opendkim-tools     mailutils     && docker-php-ext-install         mysqli         pdo         pdo_mysql         mbstring         gd         exif         zip     && rm -rf /var/lib/apt/lists/*
#10 2.153 Hit:1 http://deb.debian.org/debian trixie InRelease
#10 2.222 Get:2 http://deb.debian.org/debian trixie-updates InRelease [47.3 kB]
#10 2.441 Get:3 http://deb.debian.org/debian-security trixie-security InRelease [43.4 kB]
#10 3.214 Get:4 http://deb.debian.org/debian trixie/main amd64 Packages [9678 kB]
